// Jest Snapshot v1, https://goo.gl/fbAQLP

exports[`Snapshot for component 'AntButton' should matches DOM 1`] = `
<button
  className="ant-btn css-dev-only-do-not-override-1n7nwfa ant-btn-default"
  data-testid="ANT_BUTTON_ID"
  disabled={false}
  onClick={[Function]}
  type="button"
>
  <span>
     Button 
  </span>
</button>
`;
